// Jest Snapshot v1, https://goo.gl/fbAQLP

exports[`renders DatePickerInput 1`] = `
[
  <View
    style={
      {
        "flexGrow": 1,
      }
    }
  >
    <View
      style={
        {
          "alignItems": "center",
          "flexDirection": "row",
          "flexGrow": 1,
          "justifyContent": "flex-start",
        }
      }
    >
      <View
        style={
          [
            {
              "backgroundColor": "rgba(231, 224, 236, 1)",
              "borderTopLeftRadius": 4,
              "borderTopRightRadius": 4,
            },
            {
              "flexGrow": 1,
            },
          ]
        }
      >
        <View
          collapsable={false}
          style={
            {
              "backgroundColor": "rgba(28, 27, 31, 1)",
              "bottom": 0,
              "height": 1,
              "left": 0,
              "position": "absolute",
              "right": 0,
              "transform": [
                {
                  "scaleY": 0.5,
                },
              ],
              "zIndex": 1,
            }
          }
          testID="text-input-underline"
        />
        <View
          style={
            [
              {
                "paddingBottom": 0,
                "paddingTop": 0,
              },
              {
                "minHeight": 56,
              },
            ]
          }
        >
          <View
            collapsable={false}
            pointerEvents="none"
            style={
              {
                "bottom": 0,
                "left": 0,
                "opacity": 0,
                "position": "absolute",
                "right": 0,
                "top": 0,
                "transform": [
                  {
                    "translateX": 4,
                  },
                ],
                "zIndex": 3,
              }
            }
          >
            <Text
              collapsable={false}
              maxFontSizeMultiplier={1.5}
              numberOfLines={1}
              onLayout={[Function]}
              style={
                {
                  "color": "rgba(103, 80, 164, 1)",
                  "fontFamily": "System",
                  "fontSize": 16,
                  "fontWeight": undefined,
                  "left": 0,
                  "letterSpacing": 0.15,
                  "lineHeight": undefined,
                  "opacity": 0,
                  "paddingLeft": 16,
                  "paddingRight": 16,
                  "position": "absolute",
                  "textAlign": "left",
                  "top": 30,
                  "transform": [
                    {
                      "translateX": 0,
                    },
                    {
                      "translateY": -12,
                    },
                    {
                      "scale": 0.75,
                    },
                  ],
                  "writingDirection": "ltr",
                }
              }
              testID="text-input-flat-label-active"
            >
              MM/DD/YYYY
            </Text>
            <Text
              collapsable={false}
              maxFontSizeMultiplier={1.5}
              numberOfLines={1}
              style={
                {
                  "color": "rgba(73, 69, 79, 1)",
                  "fontFamily": "System",
                  "fontSize": 16,
                  "fontWeight": undefined,
                  "left": 0,
                  "letterSpacing": 0.15,
                  "lineHeight": undefined,
                  "opacity": 0,
                  "paddingLeft": 16,
                  "paddingRight": 16,
                  "position": "absolute",
                  "textAlign": "left",
                  "top": 30,
                  "transform": [
                    {
                      "translateX": 0,
                    },
                    {
                      "translateY": -12,
                    },
                    {
                      "scale": 0.75,
                    },
                  ],
                  "writingDirection": "ltr",
                }
              }
              testID="text-input-flat-label-inactive"
            >
              MM/DD/YYYY
            </Text>
          </View>
          <TextInput
            autoComplete="birthdate-full"
            editable={true}
            keyboardAppearance="default"
            keyboardType="number-pad"
            maxFontSizeMultiplier={1.5}
            multiline={false}
            onBlur={[Function]}
            onChange={[Function]}
            onChangeText={[Function]}
            onFocus={[Function]}
            placeholder=" "
            placeholderTextColor="rgba(73, 69, 79, 1)"
            selectionColor="rgba(103, 80, 164, 1)"
            style={
              [
                {
                  "flexGrow": 1,
                  "margin": 0,
                },
                {
                  "paddingLeft": 16,
                  "paddingRight": 16,
                },
                {
                  "height": 56,
                },
                {
                  "paddingBottom": 4,
                  "paddingTop": 24,
                },
                {
                  "color": "rgba(73, 69, 79, 1)",
                  "fontFamily": "System",
                  "fontSize": 16,
                  "fontWeight": undefined,
                  "letterSpacing": 0.15,
                  "lineHeight": undefined,
                  "textAlign": "left",
                  "textAlignVertical": "center",
                },
                false,
                [
                  {},
                ],
              ]
            }
            testID="text-input-flat"
            underlineColorAndroid="transparent"
            value="12/26/2022"
          />
        </View>
      </View>
      <View
        collapsable={false}
        style={
          {
            "alignSelf": undefined,
            "bottom": undefined,
            "left": undefined,
            "position": "absolute",
            "right": 0,
            "shadowColor": "#000",
            "shadowOffset": {
              "height": 0,
              "width": 0,
            },
            "shadowOpacity": 0,
            "shadowRadius": 0,
            "top": undefined,
          }
        }
      >
        <View
          collapsable={false}
          style={
            {
              "shadowColor": "#000",
              "shadowOffset": {
                "height": 0,
                "width": 0,
              },
              "shadowOpacity": 0,
              "shadowRadius": 0,
            }
          }
        >
          <View
            collapsable={false}
            style={
              {
                "backgroundColor": undefined,
                "borderColor": "rgba(121, 116, 126, 1)",
                "borderRadius": 20,
                "borderWidth": 0,
                "elevation": 0,
                "height": 40,
                "margin": 6,
                "overflow": "hidden",
                "width": 40,
                "zIndex": 10,
              }
            }
          >
            <View
              accessibilityComponentType="button"
              accessibilityRole="button"
              accessibilityState={
                {
                  "disabled": false,
                }
              }
              accessibilityTraits="button"
              accessible={true}
              centered={true}
              collapsable={false}
              focusable={true}
              hitSlop={
                {
                  "bottom": 6,
                  "left": 6,
                  "right": 6,
                  "top": 6,
                }
              }
              onBlur={[Function]}
              onClick={[Function]}
              onFocus={[Function]}
              onResponderGrant={[Function]}
              onResponderMove={[Function]}
              onResponderRelease={[Function]}
              onResponderTerminate={[Function]}
              onResponderTerminationRequest={[Function]}
              onStartShouldSetResponder={[Function]}
              style={
                [
                  {
                    "overflow": "hidden",
                  },
                  false,
                  {
                    "alignItems": "center",
                    "flexGrow": 1,
                    "justifyContent": "center",
                  },
                ]
              }
            >
              <Text
                accessibilityElementsHidden={true}
                allowFontScaling={false}
                importantForAccessibility="no-hide-descendants"
                pointerEvents="none"
                selectable={false}
                style={
                  [
                    {
                      "color": "rgba(73, 69, 79, 1)",
                      "fontSize": 24,
                    },
                    [
                      {
                        "lineHeight": 24,
                        "transform": [
                          {
                            "scaleX": 1,
                          },
                        ],
                      },
                      {
                        "backgroundColor": "transparent",
                      },
                    ],
                    {
                      "fontFamily": "Material Design Icons",
                      "fontStyle": "normal",
                      "fontWeight": "normal",
                    },
                    {},
                  ]
                }
              >
                ó°ƒ­
              </Text>
            </View>
          </View>
        </View>
      </View>
    </View>
  </View>,
  <View
    pointerEvents="box-none"
    style={
      [
        {
          "bottom": 0,
          "left": 0,
          "position": "absolute",
          "right": 0,
          "top": 0,
        },
      ]
    }
  >
    <Modal
      animationType="slide"
      hardwareAccelerated={false}
      onRequestClose={[Function]}
      presentationStyle="overFullScreen"
      statusBarTranslucent={true}
      supportedOrientations={
        [
          "portrait",
          "portrait-upside-down",
          "landscape",
          "landscape-left",
          "landscape-right",
        ]
      }
      transparent={true}
      visible={false}
    />
  </View>,
]
`;
