// Jest Snapshot v1, https://goo.gl/fbAQLP

exports[`renders DayNames 1`] = `
<View
  pointerEvents="none"
  style={
    [
      {
        "alignItems": "center",
        "backgroundColor": "#fff",
        "flexDirection": "row",
        "height": 44,
      },
      {
        "backgroundColor": "#000000",
      },
    ]
  }
>
  <View
    style={
      {
        "alignItems": "center",
        "flex": 1,
      }
    }
  >
    <Text
      selectable={false}
      style={
        [
          {
            "textAlign": "left",
          },
          {
            "color": "rgba(28, 27, 31, 1)",
            "fontFamily": "System",
            "fontWeight": "400",
            "letterSpacing": 0,
          },
          {
            "writingDirection": "ltr",
          },
          [
            {
              "fontSize": 14,
              "opacity": 0.7,
            },
            {
              "color": "rgba(28, 27, 31, 1)",
              "fontFamily": "System",
              "fontSize": 12,
              "fontWeight": "400",
              "letterSpacing": 0.4,
              "lineHeight": 16,
            },
          ],
        ]
      }
    >
      S
    </Text>
  </View>
  <View
    style={
      {
        "alignItems": "center",
        "flex": 1,
      }
    }
  >
    <Text
      selectable={false}
      style={
        [
          {
            "textAlign": "left",
          },
          {
            "color": "rgba(28, 27, 31, 1)",
            "fontFamily": "System",
            "fontWeight": "400",
            "letterSpacing": 0,
          },
          {
            "writingDirection": "ltr",
          },
          [
            {
              "fontSize": 14,
              "opacity": 0.7,
            },
            {
              "color": "rgba(28, 27, 31, 1)",
              "fontFamily": "System",
              "fontSize": 12,
              "fontWeight": "400",
              "letterSpacing": 0.4,
              "lineHeight": 16,
            },
          ],
        ]
      }
    >
      M
    </Text>
  </View>
  <View
    style={
      {
        "alignItems": "center",
        "flex": 1,
      }
    }
  >
    <Text
      selectable={false}
      style={
        [
          {
            "textAlign": "left",
          },
          {
            "color": "rgba(28, 27, 31, 1)",
            "fontFamily": "System",
            "fontWeight": "400",
            "letterSpacing": 0,
          },
          {
            "writingDirection": "ltr",
          },
          [
            {
              "fontSize": 14,
              "opacity": 0.7,
            },
            {
              "color": "rgba(28, 27, 31, 1)",
              "fontFamily": "System",
              "fontSize": 12,
              "fontWeight": "400",
              "letterSpacing": 0.4,
              "lineHeight": 16,
            },
          ],
        ]
      }
    >
      T
    </Text>
  </View>
  <View
    style={
      {
        "alignItems": "center",
        "flex": 1,
      }
    }
  >
    <Text
      selectable={false}
      style={
        [
          {
            "textAlign": "left",
          },
          {
            "color": "rgba(28, 27, 31, 1)",
            "fontFamily": "System",
            "fontWeight": "400",
            "letterSpacing": 0,
          },
          {
            "writingDirection": "ltr",
          },
          [
            {
              "fontSize": 14,
              "opacity": 0.7,
            },
            {
              "color": "rgba(28, 27, 31, 1)",
              "fontFamily": "System",
              "fontSize": 12,
              "fontWeight": "400",
              "letterSpacing": 0.4,
              "lineHeight": 16,
            },
          ],
        ]
      }
    >
      W
    </Text>
  </View>
  <View
    style={
      {
        "alignItems": "center",
        "flex": 1,
      }
    }
  >
    <Text
      selectable={false}
      style={
        [
          {
            "textAlign": "left",
          },
          {
            "color": "rgba(28, 27, 31, 1)",
            "fontFamily": "System",
            "fontWeight": "400",
            "letterSpacing": 0,
          },
          {
            "writingDirection": "ltr",
          },
          [
            {
              "fontSize": 14,
              "opacity": 0.7,
            },
            {
              "color": "rgba(28, 27, 31, 1)",
              "fontFamily": "System",
              "fontSize": 12,
              "fontWeight": "400",
              "letterSpacing": 0.4,
              "lineHeight": 16,
            },
          ],
        ]
      }
    >
      T
    </Text>
  </View>
  <View
    style={
      {
        "alignItems": "center",
        "flex": 1,
      }
    }
  >
    <Text
      selectable={false}
      style={
        [
          {
            "textAlign": "left",
          },
          {
            "color": "rgba(28, 27, 31, 1)",
            "fontFamily": "System",
            "fontWeight": "400",
            "letterSpacing": 0,
          },
          {
            "writingDirection": "ltr",
          },
          [
            {
              "fontSize": 14,
              "opacity": 0.7,
            },
            {
              "color": "rgba(28, 27, 31, 1)",
              "fontFamily": "System",
              "fontSize": 12,
              "fontWeight": "400",
              "letterSpacing": 0.4,
              "lineHeight": 16,
            },
          ],
        ]
      }
    >
      F
    </Text>
  </View>
  <View
    style={
      {
        "alignItems": "center",
        "flex": 1,
      }
    }
  >
    <Text
      selectable={false}
      style={
        [
          {
            "textAlign": "left",
          },
          {
            "color": "rgba(28, 27, 31, 1)",
            "fontFamily": "System",
            "fontWeight": "400",
            "letterSpacing": 0,
          },
          {
            "writingDirection": "ltr",
          },
          [
            {
              "fontSize": 14,
              "opacity": 0.7,
            },
            {
              "color": "rgba(28, 27, 31, 1)",
              "fontFamily": "System",
              "fontSize": 12,
              "fontWeight": "400",
              "letterSpacing": 0.4,
              "lineHeight": 16,
            },
          ],
        ]
      }
    >
      S
    </Text>
  </View>
</View>
`;
