// Jest Snapshot v1, https://goo.gl/fbAQLP

exports[`renders AnalogClockHours 1`] = `
[
  <View
    pointerEvents="none"
    style={
      [
        {
          "alignItems": "center",
          "borderRadius": 24,
          "height": 48,
          "justifyContent": "center",
          "marginLeft": -24,
          "marginTop": -24,
          "position": "absolute",
          "width": 48,
          "zIndex": 20,
        },
        {
          "left": 179,
          "top": 39,
        },
      ]
    }
  >
    <View
      style={
        {
          "borderRadius": 24,
        }
      }
    >
      <Text
        selectable={false}
        style={
          [
            {
              "color": "rgba(28, 27, 31, 1)",
              "fontFamily": "System",
              "fontSize": 16,
              "fontWeight": "400",
              "letterSpacing": 0.15,
              "lineHeight": 24,
            },
            {
              "textAlign": "left",
            },
            {
              "writingDirection": "ltr",
            },
            [
              null,
              {
                "fontFamily": "Roboto",
              },
            ],
          ]
        }
      >
        1
      </Text>
    </View>
  </View>,
  <View
    pointerEvents="none"
    style={
      [
        {
          "alignItems": "center",
          "borderRadius": 24,
          "height": 48,
          "justifyContent": "center",
          "marginLeft": -24,
          "marginTop": -24,
          "position": "absolute",
          "width": 48,
          "zIndex": 20,
        },
        {
          "left": 217,
          "top": 77,
        },
      ]
    }
  >
    <View
      style={
        {
          "borderRadius": 24,
        }
      }
    >
      <Text
        selectable={false}
        style={
          [
            {
              "color": "rgba(28, 27, 31, 1)",
              "fontFamily": "System",
              "fontSize": 16,
              "fontWeight": "400",
              "letterSpacing": 0.15,
              "lineHeight": 24,
            },
            {
              "textAlign": "left",
            },
            {
              "writingDirection": "ltr",
            },
            [
              null,
              {
                "fontFamily": "Roboto",
              },
            ],
          ]
        }
      >
        2
      </Text>
    </View>
  </View>,
  <View
    pointerEvents="none"
    style={
      [
        {
          "alignItems": "center",
          "borderRadius": 24,
          "height": 48,
          "justifyContent": "center",
          "marginLeft": -24,
          "marginTop": -24,
          "position": "absolute",
          "width": 48,
          "zIndex": 20,
        },
        {
          "left": 230,
          "top": 128,
        },
      ]
    }
  >
    <View
      style={
        {
          "borderRadius": 24,
        }
      }
    >
      <Text
        selectable={false}
        style={
          [
            {
              "color": "rgba(28, 27, 31, 1)",
              "fontFamily": "System",
              "fontSize": 16,
              "fontWeight": "400",
              "letterSpacing": 0.15,
              "lineHeight": 24,
            },
            {
              "textAlign": "left",
            },
            {
              "writingDirection": "ltr",
            },
            [
              null,
              {
                "fontFamily": "Roboto",
              },
            ],
          ]
        }
      >
        3
      </Text>
    </View>
  </View>,
  <View
    pointerEvents="none"
    style={
      [
        {
          "alignItems": "center",
          "borderRadius": 24,
          "height": 48,
          "justifyContent": "center",
          "marginLeft": -24,
          "marginTop": -24,
          "position": "absolute",
          "width": 48,
          "zIndex": 20,
        },
        {
          "left": 217,
          "top": 179,
        },
      ]
    }
  >
    <View
      style={
        {
          "borderRadius": 24,
        }
      }
    >
      <Text
        selectable={false}
        style={
          [
            {
              "color": "rgba(28, 27, 31, 1)",
              "fontFamily": "System",
              "fontSize": 16,
              "fontWeight": "400",
              "letterSpacing": 0.15,
              "lineHeight": 24,
            },
            {
              "textAlign": "left",
            },
            {
              "writingDirection": "ltr",
            },
            [
              null,
              {
                "fontFamily": "Roboto",
              },
            ],
          ]
        }
      >
        4
      </Text>
    </View>
  </View>,
  <View
    pointerEvents="none"
    style={
      [
        {
          "alignItems": "center",
          "borderRadius": 24,
          "height": 48,
          "justifyContent": "center",
          "marginLeft": -24,
          "marginTop": -24,
          "position": "absolute",
          "width": 48,
          "zIndex": 20,
        },
        {
          "left": 179,
          "top": 217,
        },
      ]
    }
  >
    <View
      style={
        {
          "borderRadius": 24,
        }
      }
    >
      <Text
        selectable={false}
        style={
          [
            {
              "color": "rgba(28, 27, 31, 1)",
              "fontFamily": "System",
              "fontSize": 16,
              "fontWeight": "400",
              "letterSpacing": 0.15,
              "lineHeight": 24,
            },
            {
              "textAlign": "left",
            },
            {
              "writingDirection": "ltr",
            },
            [
              null,
              {
                "fontFamily": "Roboto",
              },
            ],
          ]
        }
      >
        5
      </Text>
    </View>
  </View>,
  <View
    pointerEvents="none"
    style={
      [
        {
          "alignItems": "center",
          "borderRadius": 24,
          "height": 48,
          "justifyContent": "center",
          "marginLeft": -24,
          "marginTop": -24,
          "position": "absolute",
          "width": 48,
          "zIndex": 20,
        },
        {
          "left": 128,
          "top": 230,
        },
      ]
    }
  >
    <View
      style={
        {
          "borderRadius": 24,
        }
      }
    >
      <Text
        selectable={false}
        style={
          [
            {
              "color": "rgba(28, 27, 31, 1)",
              "fontFamily": "System",
              "fontSize": 16,
              "fontWeight": "400",
              "letterSpacing": 0.15,
              "lineHeight": 24,
            },
            {
              "textAlign": "left",
            },
            {
              "writingDirection": "ltr",
            },
            [
              null,
              {
                "fontFamily": "Roboto",
              },
            ],
          ]
        }
      >
        6
      </Text>
    </View>
  </View>,
  <View
    pointerEvents="none"
    style={
      [
        {
          "alignItems": "center",
          "borderRadius": 24,
          "height": 48,
          "justifyContent": "center",
          "marginLeft": -24,
          "marginTop": -24,
          "position": "absolute",
          "width": 48,
          "zIndex": 20,
        },
        {
          "left": 77,
          "top": 217,
        },
      ]
    }
  >
    <View
      style={
        {
          "borderRadius": 24,
        }
      }
    >
      <Text
        selectable={false}
        style={
          [
            {
              "color": "rgba(28, 27, 31, 1)",
              "fontFamily": "System",
              "fontSize": 16,
              "fontWeight": "400",
              "letterSpacing": 0.15,
              "lineHeight": 24,
            },
            {
              "textAlign": "left",
            },
            {
              "writingDirection": "ltr",
            },
            [
              null,
              {
                "fontFamily": "Roboto",
              },
            ],
          ]
        }
      >
        7
      </Text>
    </View>
  </View>,
  <View
    pointerEvents="none"
    style={
      [
        {
          "alignItems": "center",
          "borderRadius": 24,
          "height": 48,
          "justifyContent": "center",
          "marginLeft": -24,
          "marginTop": -24,
          "position": "absolute",
          "width": 48,
          "zIndex": 20,
        },
        {
          "left": 39,
          "top": 179,
        },
      ]
    }
  >
    <View
      style={
        {
          "borderRadius": 24,
        }
      }
    >
      <Text
        selectable={false}
        style={
          [
            {
              "color": "rgba(28, 27, 31, 1)",
              "fontFamily": "System",
              "fontSize": 16,
              "fontWeight": "400",
              "letterSpacing": 0.15,
              "lineHeight": 24,
            },
            {
              "textAlign": "left",
            },
            {
              "writingDirection": "ltr",
            },
            [
              null,
              {
                "fontFamily": "Roboto",
              },
            ],
          ]
        }
      >
        8
      </Text>
    </View>
  </View>,
  <View
    pointerEvents="none"
    style={
      [
        {
          "alignItems": "center",
          "borderRadius": 24,
          "height": 48,
          "justifyContent": "center",
          "marginLeft": -24,
          "marginTop": -24,
          "position": "absolute",
          "width": 48,
          "zIndex": 20,
        },
        {
          "left": 26,
          "top": 128,
        },
      ]
    }
  >
    <View
      style={
        {
          "borderRadius": 24,
        }
      }
    >
      <Text
        selectable={false}
        style={
          [
            {
              "color": "rgba(28, 27, 31, 1)",
              "fontFamily": "System",
              "fontSize": 16,
              "fontWeight": "400",
              "letterSpacing": 0.15,
              "lineHeight": 24,
            },
            {
              "textAlign": "left",
            },
            {
              "writingDirection": "ltr",
            },
            [
              null,
              {
                "fontFamily": "Roboto",
              },
            ],
          ]
        }
      >
        9
      </Text>
    </View>
  </View>,
  <View
    pointerEvents="none"
    style={
      [
        {
          "alignItems": "center",
          "borderRadius": 24,
          "height": 48,
          "justifyContent": "center",
          "marginLeft": -24,
          "marginTop": -24,
          "position": "absolute",
          "width": 48,
          "zIndex": 20,
        },
        {
          "left": 39,
          "top": 77,
        },
      ]
    }
  >
    <View
      style={
        {
          "borderRadius": 24,
        }
      }
    >
      <Text
        selectable={false}
        style={
          [
            {
              "color": "rgba(28, 27, 31, 1)",
              "fontFamily": "System",
              "fontSize": 16,
              "fontWeight": "400",
              "letterSpacing": 0.15,
              "lineHeight": 24,
            },
            {
              "textAlign": "left",
            },
            {
              "writingDirection": "ltr",
            },
            [
              null,
              {
                "fontFamily": "Roboto",
              },
            ],
          ]
        }
      >
        10
      </Text>
    </View>
  </View>,
  <View
    pointerEvents="none"
    style={
      [
        {
          "alignItems": "center",
          "borderRadius": 24,
          "height": 48,
          "justifyContent": "center",
          "marginLeft": -24,
          "marginTop": -24,
          "position": "absolute",
          "width": 48,
          "zIndex": 20,
        },
        {
          "left": 77,
          "top": 39,
        },
      ]
    }
  >
    <View
      style={
        {
          "borderRadius": 24,
        }
      }
    >
      <Text
        selectable={false}
        style={
          [
            {
              "color": "rgba(28, 27, 31, 1)",
              "fontFamily": "System",
              "fontSize": 16,
              "fontWeight": "400",
              "letterSpacing": 0.15,
              "lineHeight": 24,
            },
            {
              "textAlign": "left",
            },
            {
              "writingDirection": "ltr",
            },
            [
              null,
              {
                "fontFamily": "Roboto",
              },
            ],
          ]
        }
      >
        11
      </Text>
    </View>
  </View>,
  <View
    pointerEvents="none"
    style={
      [
        {
          "alignItems": "center",
          "borderRadius": 24,
          "height": 48,
          "justifyContent": "center",
          "marginLeft": -24,
          "marginTop": -24,
          "position": "absolute",
          "width": 48,
          "zIndex": 20,
        },
        {
          "left": 128,
          "top": 26,
        },
      ]
    }
  >
    <View
      style={
        {
          "borderRadius": 24,
        }
      }
    >
      <Text
        selectable={false}
        style={
          [
            {
              "color": "rgba(28, 27, 31, 1)",
              "fontFamily": "System",
              "fontSize": 16,
              "fontWeight": "400",
              "letterSpacing": 0.15,
              "lineHeight": 24,
            },
            {
              "textAlign": "left",
            },
            {
              "writingDirection": "ltr",
            },
            [
              {
                "color": "rgba(255, 255, 255, 1)",
              },
              {
                "fontFamily": "Roboto",
              },
            ],
          ]
        }
      >
        00
      </Text>
    </View>
  </View>,
  <View
    pointerEvents="none"
    style={
      [
        {
          "alignItems": "center",
          "borderRadius": 24,
          "height": 48,
          "justifyContent": "center",
          "marginLeft": -24,
          "marginTop": -24,
          "position": "absolute",
          "width": 48,
          "zIndex": 20,
        },
        {
          "left": 160,
          "top": 73,
        },
      ]
    }
  >
    <View
      style={
        {
          "borderRadius": 24,
        }
      }
    >
      <Text
        selectable={false}
        style={
          [
            {
              "color": "rgba(28, 27, 31, 1)",
              "fontFamily": "System",
              "fontSize": 16,
              "fontWeight": "400",
              "letterSpacing": 0.15,
              "lineHeight": 24,
            },
            {
              "textAlign": "left",
            },
            {
              "writingDirection": "ltr",
            },
            [
              null,
              {
                "fontFamily": "Roboto",
              },
            ],
          ]
        }
      >
        13
      </Text>
    </View>
  </View>,
  <View
    pointerEvents="none"
    style={
      [
        {
          "alignItems": "center",
          "borderRadius": 24,
          "height": 48,
          "justifyContent": "center",
          "marginLeft": -24,
          "marginTop": -24,
          "position": "absolute",
          "width": 48,
          "zIndex": 20,
        },
        {
          "left": 183,
          "top": 96,
        },
      ]
    }
  >
    <View
      style={
        {
          "borderRadius": 24,
        }
      }
    >
      <Text
        selectable={false}
        style={
          [
            {
              "color": "rgba(28, 27, 31, 1)",
              "fontFamily": "System",
              "fontSize": 16,
              "fontWeight": "400",
              "letterSpacing": 0.15,
              "lineHeight": 24,
            },
            {
              "textAlign": "left",
            },
            {
              "writingDirection": "ltr",
            },
            [
              null,
              {
                "fontFamily": "Roboto",
              },
            ],
          ]
        }
      >
        14
      </Text>
    </View>
  </View>,
  <View
    pointerEvents="none"
    style={
      [
        {
          "alignItems": "center",
          "borderRadius": 24,
          "height": 48,
          "justifyContent": "center",
          "marginLeft": -24,
          "marginTop": -24,
          "position": "absolute",
          "width": 48,
          "zIndex": 20,
        },
        {
          "left": 192,
          "top": 128,
        },
      ]
    }
  >
    <View
      style={
        {
          "borderRadius": 24,
        }
      }
    >
      <Text
        selectable={false}
        style={
          [
            {
              "color": "rgba(28, 27, 31, 1)",
              "fontFamily": "System",
              "fontSize": 16,
              "fontWeight": "400",
              "letterSpacing": 0.15,
              "lineHeight": 24,
            },
            {
              "textAlign": "left",
            },
            {
              "writingDirection": "ltr",
            },
            [
              null,
              {
                "fontFamily": "Roboto",
              },
            ],
          ]
        }
      >
        15
      </Text>
    </View>
  </View>,
  <View
    pointerEvents="none"
    style={
      [
        {
          "alignItems": "center",
          "borderRadius": 24,
          "height": 48,
          "justifyContent": "center",
          "marginLeft": -24,
          "marginTop": -24,
          "position": "absolute",
          "width": 48,
          "zIndex": 20,
        },
        {
          "left": 183,
          "top": 160,
        },
      ]
    }
  >
    <View
      style={
        {
          "borderRadius": 24,
        }
      }
    >
      <Text
        selectable={false}
        style={
          [
            {
              "color": "rgba(28, 27, 31, 1)",
              "fontFamily": "System",
              "fontSize": 16,
              "fontWeight": "400",
              "letterSpacing": 0.15,
              "lineHeight": 24,
            },
            {
              "textAlign": "left",
            },
            {
              "writingDirection": "ltr",
            },
            [
              null,
              {
                "fontFamily": "Roboto",
              },
            ],
          ]
        }
      >
        16
      </Text>
    </View>
  </View>,
  <View
    pointerEvents="none"
    style={
      [
        {
          "alignItems": "center",
          "borderRadius": 24,
          "height": 48,
          "justifyContent": "center",
          "marginLeft": -24,
          "marginTop": -24,
          "position": "absolute",
          "width": 48,
          "zIndex": 20,
        },
        {
          "left": 160,
          "top": 183,
        },
      ]
    }
  >
    <View
      style={
        {
          "borderRadius": 24,
        }
      }
    >
      <Text
        selectable={false}
        style={
          [
            {
              "color": "rgba(28, 27, 31, 1)",
              "fontFamily": "System",
              "fontSize": 16,
              "fontWeight": "400",
              "letterSpacing": 0.15,
              "lineHeight": 24,
            },
            {
              "textAlign": "left",
            },
            {
              "writingDirection": "ltr",
            },
            [
              null,
              {
                "fontFamily": "Roboto",
              },
            ],
          ]
        }
      >
        17
      </Text>
    </View>
  </View>,
  <View
    pointerEvents="none"
    style={
      [
        {
          "alignItems": "center",
          "borderRadius": 24,
          "height": 48,
          "justifyContent": "center",
          "marginLeft": -24,
          "marginTop": -24,
          "position": "absolute",
          "width": 48,
          "zIndex": 20,
        },
        {
          "left": 128,
          "top": 192,
        },
      ]
    }
  >
    <View
      style={
        {
          "borderRadius": 24,
        }
      }
    >
      <Text
        selectable={false}
        style={
          [
            {
              "color": "rgba(28, 27, 31, 1)",
              "fontFamily": "System",
              "fontSize": 16,
              "fontWeight": "400",
              "letterSpacing": 0.15,
              "lineHeight": 24,
            },
            {
              "textAlign": "left",
            },
            {
              "writingDirection": "ltr",
            },
            [
              null,
              {
                "fontFamily": "Roboto",
              },
            ],
          ]
        }
      >
        18
      </Text>
    </View>
  </View>,
  <View
    pointerEvents="none"
    style={
      [
        {
          "alignItems": "center",
          "borderRadius": 24,
          "height": 48,
          "justifyContent": "center",
          "marginLeft": -24,
          "marginTop": -24,
          "position": "absolute",
          "width": 48,
          "zIndex": 20,
        },
        {
          "left": 96,
          "top": 183,
        },
      ]
    }
  >
    <View
      style={
        {
          "borderRadius": 24,
        }
      }
    >
      <Text
        selectable={false}
        style={
          [
            {
              "color": "rgba(28, 27, 31, 1)",
              "fontFamily": "System",
              "fontSize": 16,
              "fontWeight": "400",
              "letterSpacing": 0.15,
              "lineHeight": 24,
            },
            {
              "textAlign": "left",
            },
            {
              "writingDirection": "ltr",
            },
            [
              null,
              {
                "fontFamily": "Roboto",
              },
            ],
          ]
        }
      >
        19
      </Text>
    </View>
  </View>,
  <View
    pointerEvents="none"
    style={
      [
        {
          "alignItems": "center",
          "borderRadius": 24,
          "height": 48,
          "justifyContent": "center",
          "marginLeft": -24,
          "marginTop": -24,
          "position": "absolute",
          "width": 48,
          "zIndex": 20,
        },
        {
          "left": 73,
          "top": 160,
        },
      ]
    }
  >
    <View
      style={
        {
          "borderRadius": 24,
        }
      }
    >
      <Text
        selectable={false}
        style={
          [
            {
              "color": "rgba(28, 27, 31, 1)",
              "fontFamily": "System",
              "fontSize": 16,
              "fontWeight": "400",
              "letterSpacing": 0.15,
              "lineHeight": 24,
            },
            {
              "textAlign": "left",
            },
            {
              "writingDirection": "ltr",
            },
            [
              null,
              {
                "fontFamily": "Roboto",
              },
            ],
          ]
        }
      >
        20
      </Text>
    </View>
  </View>,
  <View
    pointerEvents="none"
    style={
      [
        {
          "alignItems": "center",
          "borderRadius": 24,
          "height": 48,
          "justifyContent": "center",
          "marginLeft": -24,
          "marginTop": -24,
          "position": "absolute",
          "width": 48,
          "zIndex": 20,
        },
        {
          "left": 64,
          "top": 128,
        },
      ]
    }
  >
    <View
      style={
        {
          "borderRadius": 24,
        }
      }
    >
      <Text
        selectable={false}
        style={
          [
            {
              "color": "rgba(28, 27, 31, 1)",
              "fontFamily": "System",
              "fontSize": 16,
              "fontWeight": "400",
              "letterSpacing": 0.15,
              "lineHeight": 24,
            },
            {
              "textAlign": "left",
            },
            {
              "writingDirection": "ltr",
            },
            [
              null,
              {
                "fontFamily": "Roboto",
              },
            ],
          ]
        }
      >
        21
      </Text>
    </View>
  </View>,
  <View
    pointerEvents="none"
    style={
      [
        {
          "alignItems": "center",
          "borderRadius": 24,
          "height": 48,
          "justifyContent": "center",
          "marginLeft": -24,
          "marginTop": -24,
          "position": "absolute",
          "width": 48,
          "zIndex": 20,
        },
        {
          "left": 73,
          "top": 96,
        },
      ]
    }
  >
    <View
      style={
        {
          "borderRadius": 24,
        }
      }
    >
      <Text
        selectable={false}
        style={
          [
            {
              "color": "rgba(28, 27, 31, 1)",
              "fontFamily": "System",
              "fontSize": 16,
              "fontWeight": "400",
              "letterSpacing": 0.15,
              "lineHeight": 24,
            },
            {
              "textAlign": "left",
            },
            {
              "writingDirection": "ltr",
            },
            [
              null,
              {
                "fontFamily": "Roboto",
              },
            ],
          ]
        }
      >
        22
      </Text>
    </View>
  </View>,
  <View
    pointerEvents="none"
    style={
      [
        {
          "alignItems": "center",
          "borderRadius": 24,
          "height": 48,
          "justifyContent": "center",
          "marginLeft": -24,
          "marginTop": -24,
          "position": "absolute",
          "width": 48,
          "zIndex": 20,
        },
        {
          "left": 96,
          "top": 73,
        },
      ]
    }
  >
    <View
      style={
        {
          "borderRadius": 24,
        }
      }
    >
      <Text
        selectable={false}
        style={
          [
            {
              "color": "rgba(28, 27, 31, 1)",
              "fontFamily": "System",
              "fontSize": 16,
              "fontWeight": "400",
              "letterSpacing": 0.15,
              "lineHeight": 24,
            },
            {
              "textAlign": "left",
            },
            {
              "writingDirection": "ltr",
            },
            [
              null,
              {
                "fontFamily": "Roboto",
              },
            ],
          ]
        }
      >
        23
      </Text>
    </View>
  </View>,
  <View
    pointerEvents="none"
    style={
      [
        {
          "alignItems": "center",
          "borderRadius": 24,
          "height": 48,
          "justifyContent": "center",
          "marginLeft": -24,
          "marginTop": -24,
          "position": "absolute",
          "width": 48,
          "zIndex": 20,
        },
        {
          "left": 128,
          "top": 64,
        },
      ]
    }
  >
    <View
      style={
        {
          "borderRadius": 24,
        }
      }
    >
      <Text
        selectable={false}
        style={
          [
            {
              "color": "rgba(28, 27, 31, 1)",
              "fontFamily": "System",
              "fontSize": 16,
              "fontWeight": "400",
              "letterSpacing": 0.15,
              "lineHeight": 24,
            },
            {
              "textAlign": "left",
            },
            {
              "writingDirection": "ltr",
            },
            [
              null,
              {
                "fontFamily": "Roboto",
              },
            ],
          ]
        }
      >
        00
      </Text>
    </View>
  </View>,
]
`;
